npm warn Unknown env config "http-proxy". This will stop working in the next major version of npm.

> sinf-quiz@7.23.1 prebuild
> node scripts/copy-python-runtime.mjs

Python muhiti tayyor: 5 ta mahalliy fayl.

> sinf-quiz@7.23.1 build
> vite build

vite v8.3.0 building client environment for production...
transforming...
✓ 2062 modules transformed.
rendering chunks...
computing gzip size...
dist/index.html                                 2.20 kB │ gzip:   0.89 kB
dist/assets/PythonWorkbench-BOr2MbJe.css        1.92 kB │ gzip:   0.71 kB
dist/assets/ExperimentManager-B3xF1fUf.css      2.15 kB │ gzip:   0.82 kB
dist/assets/StudentProfile-eOwzo5FU.css         2.86 kB │ gzip:   0.95 kB
dist/assets/OfficeLab-DmbrtqBC.css              3.32 kB │ gzip:   1.10 kB
dist/assets/CefrAdmin-BzZFDIeu.css              6.12 kB │ gzip:   1.93 kB
dist/assets/ClassroomChat-DYJEpeIj.css          6.66 kB │ gzip:   1.83 kB
dist/assets/EnglishCourse-zg2xI6HX.css         13.32 kB │ gzip:   3.32 kB
dist/assets/OpenExamHub-D7lqSddM.css           14.04 kB │ gzip:   3.28 kB
dist/assets/TeamCompetitions-Dwnx4iG6.css      14.47 kB │ gzip:   3.49 kB
dist/assets/MathAtlas-Cn0l0apf.css             16.28 kB │ gzip:   3.70 kB
dist/assets/BiologyAtlas-CVAZbKva.css          20.12 kB │ gzip:   4.32 kB
dist/assets/ChemistryAtlas-CFHvE2lc.css        33.66 kB │ gzip:   7.18 kB
dist/assets/index-0ILL5Ff3.css                209.27 kB │ gzip:  41.02 kB
dist/assets/SkeletonUtils-CHxfGqZJ.js           0.44 kB │ gzip:   0.25 kB
dist/assets/rolldown-runtime-hePW80VL.js        0.71 kB │ gzip:   0.42 kB
dist/assets/national-defaults-BOsR-T-b.js       2.61 kB │ gzip:   1.36 kB
dist/assets/biology-asset-loader-Dbw70sFE.js    2.65 kB │ gzip:   1.31 kB
dist/assets/math-solid-models-hKJ04RKU.js       3.00 kB │ gzip:   1.40 kB
dist/assets/experiment-service-CT6ZITGQ.js      4.38 kB │ gzip:   1.57 kB
dist/assets/KurashArena-0Bb_zTLq.js             4.58 kB │ gzip:   2.27 kB
dist/assets/biology-anatomy-3d-Dpp0IYDb.js      5.86 kB │ gzip:   2.71 kB
dist/assets/StudentProfile-BOw8Qkhl.js          6.94 kB │ gzip:   2.50 kB
dist/assets/PythonWorkbench-C6Asr6i0.js         7.13 kB │ gzip:   2.85 kB
dist/assets/OfficeLab-BLdMFDLA.js               7.63 kB │ gzip:   2.66 kB
dist/assets/learning-3d-MzUCF8ZL.js            10.23 kB │ gzip:   4.57 kB
dist/assets/CefrHub-C6hpg2fL.js                14.90 kB │ gzip:   5.07 kB
dist/assets/ExperimentManager-Bsyz8TsU.js      15.55 kB │ gzip:   5.60 kB
dist/assets/ClassroomChat-CnEFbd6D.js          16.40 kB │ gzip:   5.52 kB
dist/assets/CefrWorkspace-C4pETgn2.js          17.26 kB │ gzip:   6.42 kB
dist/assets/CefrAdmin-CYR5OqRM.js              17.99 kB │ gzip:   5.99 kB
dist/assets/OpenExamHub-DLc5vhx_.js            18.54 kB │ gzip:   6.11 kB
dist/assets/chemistry-bench-3d-BMG4YoPV.js     18.89 kB │ gzip:   7.78 kB
dist/assets/OrbitControls-Ll1FgSqh.js          19.02 kB │ gzip:   4.23 kB
dist/assets/python-course-D9udbcGA.js          21.93 kB │ gzip:   8.51 kB
dist/assets/icons-AnTVnxlk.js                  24.20 kB │ gzip:   8.62 kB
dist/assets/biology-world-3d-ByvAW3E3.js       28.06 kB │ gzip:  12.10 kB
dist/assets/open-exams-CPKBaGIA.js             31.00 kB │ gzip:  11.79 kB
dist/assets/GLTFLoader-JpARWlpt.js             44.28 kB │ gzip:  12.89 kB
dist/assets/TeamCompetitions-CAO9wjUi.js       51.21 kB │ gzip:  15.26 kB
dist/assets/computer-course-seed-BbuZPKMi.js   60.97 kB │ gzip:  20.25 kB
dist/assets/MathAtlas-D4-pT8jx.js             101.85 kB │ gzip:  32.52 kB
dist/assets/EnglishCourse-q2cDmanq.js         102.39 kB │ gzip:  28.60 kB
dist/assets/BiologyAtlas-B6EWim17.js          127.48 kB │ gzip:  42.59 kB
dist/assets/ChemistryAtlas-BpIl4O7g.js        182.67 kB │ gzip:  58.48 kB
dist/assets/supabase-VaY9-frs.js              214.17 kB │ gzip:  55.01 kB
dist/assets/react-CyDUuctK.js                 218.83 kB │ gzip:  68.25 kB
dist/assets/three.core-DEr6R1h2.js            264.45 kB │ gzip:  73.03 kB
dist/assets/three.module-B8aHgu8Y.js          318.56 kB │ gzip:  75.71 kB
dist/assets/index-BGWGGwee.js                 380.84 kB │ gzip: 111.21 kB

[33m[MODULE_LEVEL_DIRECTIVE] [0mThe semantics of the module level directive "use client" in "node_modules/lucide-react/dist/esm/context.mjs" may not be preserved when bundling.
   [38;5;246m╭[0m[38;5;246m─[0m[38;5;246m[[0m node_modules/lucide-react/dist/esm/context.mjs:2:1 [38;5;246m][0m
   [38;5;246m│[0m
 [38;5;246m2 │[0m "use client";
 [38;5;240m  │[0m ──────┬──────  
 [38;5;240m  │[0m       ╰──────── module level directive may not be preserved
 [38;5;240m  │[0m 
 [38;5;240m  │[0m [38;5;115mHelp[0m: For more information, see https://rolldown.rs/in-depth/directives#other-directives
[38;5;246m───╯[0m

[33m[MODULE_LEVEL_DIRECTIVE] [0mThe semantics of the module level directive "use client" in "node_modules/lucide-react/dist/esm/Icon.mjs" may not be preserved when bundling.
   [38;5;246m╭[0m[38;5;246m─[0m[38;5;246m[[0m node_modules/lucide-react/dist/esm/Icon.mjs:2:1 [38;5;246m][0m
   [38;5;246m│[0m
 [38;5;246m2 │[0m "use client";
 [38;5;240m  │[0m ──────┬──────  
 [38;5;240m  │[0m       ╰──────── module level directive may not be preserved
 [38;5;240m  │[0m 
 [38;5;240m  │[0m [38;5;115mHelp[0m: For more information, see https://rolldown.rs/in-depth/directives#other-directives
[38;5;246m───╯[0m

✓ built in 403ms
