npm warn Unknown env config "http-proxy". This will stop working in the next major version of npm.

> sinf-quiz@7.24.0 prebuild
> node scripts/copy-python-runtime.mjs

Python muhiti tayyor: 5 ta mahalliy fayl.

> sinf-quiz@7.24.0 build
> vite build

vite v8.3.0 building client environment for production...
transforming...
✓ 2064 modules transformed.
rendering chunks...
computing gzip size...
dist/assets/competition-typing.worker-DQSscsgc.js    1.63 kB
dist/index.html                                      2.20 kB │ gzip:   0.89 kB
dist/assets/PythonWorkbench-BOr2MbJe.css             1.92 kB │ gzip:   0.71 kB
dist/assets/ExperimentManager-B3xF1fUf.css           2.15 kB │ gzip:   0.82 kB
dist/assets/StudentProfile-eOwzo5FU.css              2.86 kB │ gzip:   0.95 kB
dist/assets/OfficeLab-DmbrtqBC.css                   3.32 kB │ gzip:   1.10 kB
dist/assets/CefrAdmin-BzZFDIeu.css                   6.12 kB │ gzip:   1.93 kB
dist/assets/ClassroomChat-DYJEpeIj.css               6.66 kB │ gzip:   1.83 kB
dist/assets/EnglishCourse-zg2xI6HX.css              13.32 kB │ gzip:   3.32 kB
dist/assets/OpenExamHub-D7lqSddM.css                14.04 kB │ gzip:   3.28 kB
dist/assets/TeamCompetitions-D5wmYSfY.css           14.80 kB │ gzip:   3.55 kB
dist/assets/MathAtlas-Cn0l0apf.css                  16.28 kB │ gzip:   3.70 kB
dist/assets/BiologyAtlas-CVAZbKva.css               20.12 kB │ gzip:   4.32 kB
dist/assets/ChemistryAtlas-CFHvE2lc.css             33.66 kB │ gzip:   7.18 kB
dist/assets/index-0ILL5Ff3.css                     209.27 kB │ gzip:  41.02 kB
dist/assets/SkeletonUtils-CHxfGqZJ.js                0.44 kB │ gzip:   0.25 kB
dist/assets/rolldown-runtime-hePW80VL.js             0.71 kB │ gzip:   0.42 kB
dist/assets/national-defaults-DDY6rpLf.js            2.61 kB │ gzip:   1.36 kB
dist/assets/biology-asset-loader-B4nqPtq6.js         2.65 kB │ gzip:   1.31 kB
dist/assets/math-solid-models-hKJ04RKU.js            3.00 kB │ gzip:   1.40 kB
dist/assets/experiment-service-C2tZ568i.js           4.38 kB │ gzip:   1.57 kB
dist/assets/KurashArena-0Bb_zTLq.js                  4.58 kB │ gzip:   2.27 kB
dist/assets/biology-anatomy-3d-SRi4auPg.js           5.86 kB │ gzip:   2.71 kB
dist/assets/StudentProfile-CzTqtkES.js               6.94 kB │ gzip:   2.50 kB
dist/assets/PythonWorkbench-C6Asr6i0.js              7.13 kB │ gzip:   2.85 kB
dist/assets/OfficeLab-B_x64m-3.js                    7.63 kB │ gzip:   2.66 kB
dist/assets/learning-3d-MzUCF8ZL.js                 10.23 kB │ gzip:   4.57 kB
dist/assets/CefrHub-BGpzhZj3.js                     14.90 kB │ gzip:   5.07 kB
dist/assets/ExperimentManager-CKG9FQAb.js           15.55 kB │ gzip:   5.59 kB
dist/assets/ClassroomChat-B4rW7mo4.js               16.40 kB │ gzip:   5.52 kB
dist/assets/CefrWorkspace-C3GT-ejh.js               17.26 kB │ gzip:   6.42 kB
dist/assets/CefrAdmin-DtzbxbMU.js                   17.99 kB │ gzip:   5.99 kB
dist/assets/OpenExamHub-DC47v7UF.js                 18.54 kB │ gzip:   6.11 kB
dist/assets/chemistry-bench-3d-aWZeaEui.js          18.89 kB │ gzip:   7.79 kB
dist/assets/OrbitControls-Ll1FgSqh.js               19.02 kB │ gzip:   4.23 kB
dist/assets/python-course-D9udbcGA.js               21.93 kB │ gzip:   8.51 kB
dist/assets/icons-AnTVnxlk.js                       24.20 kB │ gzip:   8.62 kB
dist/assets/biology-world-3d-CZiTJo_J.js            28.06 kB │ gzip:  12.10 kB
dist/assets/open-exams-CPKBaGIA.js                  31.00 kB │ gzip:  11.79 kB
dist/assets/GLTFLoader-JpARWlpt.js                  44.28 kB │ gzip:  12.89 kB
dist/assets/TeamCompetitions-Cmr41ppW.js            57.24 kB │ gzip:  17.27 kB
dist/assets/computer-course-seed-BbuZPKMi.js        60.97 kB │ gzip:  20.25 kB
dist/assets/MathAtlas-cL4nTI4L.js                  101.85 kB │ gzip:  32.52 kB
dist/assets/EnglishCourse-BZLlfuwq.js              102.39 kB │ gzip:  28.59 kB
dist/assets/BiologyAtlas-IuWlmUqK.js               127.48 kB │ gzip:  42.59 kB
dist/assets/ChemistryAtlas-CejBjqla.js             182.67 kB │ gzip:  58.48 kB
dist/assets/supabase-VaY9-frs.js                   214.17 kB │ gzip:  55.01 kB
dist/assets/react-CyDUuctK.js                      218.83 kB │ gzip:  68.25 kB
dist/assets/three.core-DEr6R1h2.js                 264.45 kB │ gzip:  73.03 kB
dist/assets/three.module-B8aHgu8Y.js               318.56 kB │ gzip:  75.71 kB
dist/assets/index-DE4fAnvI.js                      380.84 kB │ gzip: 111.21 kB

[33m[MODULE_LEVEL_DIRECTIVE] [0mThe semantics of the module level directive "use client" in "node_modules/lucide-react/dist/esm/Icon.mjs" may not be preserved when bundling.
   [38;5;246m╭[0m[38;5;246m─[0m[38;5;246m[[0m node_modules/lucide-react/dist/esm/Icon.mjs:2:1 [38;5;246m][0m
   [38;5;246m│[0m
 [38;5;246m2 │[0m "use client";
 [38;5;240m  │[0m ──────┬──────  
 [38;5;240m  │[0m       ╰──────── module level directive may not be preserved
 [38;5;240m  │[0m 
 [38;5;240m  │[0m [38;5;115mHelp[0m: For more information, see https://rolldown.rs/in-depth/directives#other-directives
[38;5;246m───╯[0m

[33m[MODULE_LEVEL_DIRECTIVE] [0mThe semantics of the module level directive "use client" in "node_modules/lucide-react/dist/esm/context.mjs" may not be preserved when bundling.
   [38;5;246m╭[0m[38;5;246m─[0m[38;5;246m[[0m node_modules/lucide-react/dist/esm/context.mjs:2:1 [38;5;246m][0m
   [38;5;246m│[0m
 [38;5;246m2 │[0m "use client";
 [38;5;240m  │[0m ──────┬──────  
 [38;5;240m  │[0m       ╰──────── module level directive may not be preserved
 [38;5;240m  │[0m 
 [38;5;240m  │[0m [38;5;115mHelp[0m: For more information, see https://rolldown.rs/in-depth/directives#other-directives
[38;5;246m───╯[0m

✓ built in 441ms
